// Jest Snapshot v1, https://goo.gl/fbAQLP

exports[`src/components/elements/SelectOption render 1`] = `
<div
  className="root"
>
  <button
    className="select"
    onClick={[Function]}
  >
    <div
      className="value"
    >
      All
    </div>
    <ImageBox
      className="icon"
      format="svg"
      onClick={[Function]}
      src="caret-up-blue"
    />
  </button>
  
</div>
`;
